<html>
<body>
<pre>
<h1>礦ision Build Log</h1>
<h2>Tool Versions:</h2>
IDE-Version: μVision V5.33.0.0
Copyright (C) 2020 ARM Ltd and ARM Germany GmbH. All rights reserved.
License Information: 1 dell, 1, LIC=585FJ-UH8ZH-WF3I7-E90JJ-0CQL9-SEJGB
 
Tool Versions:
Toolchain:       MDK-ARM Plus  Version: 5.33.0.0
Toolchain Path:  E:\Keil_v5\ARM\ARMCC\Bin
C Compiler:      Armcc.exe V5.06 update 7 (build 960)
Assembler:       Armasm.exe V5.06 update 7 (build 960)
Linker/Locator:  ArmLink.exe V5.06 update 7 (build 960)
Library Manager: ArmAr.exe V5.06 update 7 (build 960)
Hex Converter:   FromElf.exe V5.06 update 7 (build 960)
CPU DLL:         SARMCM3.DLL V5.33.0.0
Dialog DLL:      DCM.DLL V1.17.3.0
Target DLL:      CMSIS_AGDI.dll V1.32.12.0
Dialog DLL:      TCM.DLL V1.48.0.0
 
<h2>Project:</h2>
C:\Users\dell\Desktop\7楼可执行走出迷宫 - 改动它（实验可行，前冲过猛） - 副本\Project\Template.uvprojx
Project File Date:  07/25/2023

<h2>Output:</h2>
*** Using Compiler 'V5.06 update 7 (build 960)', folder: 'E:\Keil_v5\ARM\ARMCC\Bin'
Build target 'Target 1'
Note: source file '..\User\bsp_ldr.c' - object file renamed from '.\Objects\bsp_ldr.o' to '.\Objects\bsp_ldr_2.o'.
compiling main.c...
..\User\main.c(79): warning:  #177-D: variable "i"  was declared but never referenced
  {int i=0;
..\User\main.c(80): warning:  #177-D: variable "t"  was declared but never referenced
  	int t=0,t2,m=0;
..\User\main.c(80): warning:  #177-D: variable "t2"  was declared but never referenced
  	int t=0,t2,m=0;
..\User\main.c(80): warning:  #177-D: variable "m"  was declared but never referenced
  	int t=0,t2,m=0;
..\User\main.c(82): warning:  #550-D: variable "Rflag"  was set but never used
  	int Rflag=0,Lflag=0;
..\User\main.c(82): warning:  #550-D: variable "Lflag"  was set but never used
  	int Rflag=0,Lflag=0;
..\User\main.c: 6 warnings, 0 errors
linking...
Program Size: Code=5632 RO-data=336 RW-data=24 ZI-data=1024  
FromELF: creating hex file...
".\Objects\Template.axf" - 0 Error(s), 6 Warning(s).

<h2>Software Packages used:</h2>

Package Vendor: Keil
                http://www.keil.com/pack/Keil.STM32F1xx_DFP.2.4.0.pack
                Keil.STM32F1xx_DFP.2.4.0
                STMicroelectronics STM32F1 Series Device Support, Drivers and Examples

<h2>Collection of Component include folders:</h2>
  E:\Users\dell\AppData\Local\Arm\Packs\Keil\STM32F1xx_DFP\2.4.0\Device\Include

<h2>Collection of Component Files used:</h2>
Build Time Elapsed:  00:00:02
</pre>
</body>
</html>
